=== render-throughput: before ===
  taken            2026-09-22 18:09:28Z
  os               Debian GNU/Linux 12 (bookworm)
  os arch          X64
  process arch     X64
  processors       10
  runtime          .NET 8.0.31
  server gc        True
  cpu              VirtualApple @ 2.50GHz
  translated       YES — /proc/cpuinfo vendor_id is 'VirtualApple'; NOT admissible as evidence about real silicon
  host context     linux/amd64 container on Darwin/arm64; TRANSLATED (linux/amd64 on a arm64 host) — indicative only, and NOT admissible as evidence about real amd64
  engine           1.1.0
  fixture          fixtures/multi-page-statement
    input.folio    5366 bytes, sha256 d9d245eacc370153
    data.json      13827 bytes, sha256 315272b1b97c8aa1
    render         130169 bytes, sha256 4b0367f57e39141e  (matches expected.json)
  window           5s timed, 1s warmup, per level

  A developer machine is INDICATIVE. It is not a controlled environment, and a
  translated host measures the translator as much as the binding. Quote these
  numbers only with the four lines above them.

