=== render-throughput: after ===
  taken            2026-09-22 18:01:46Z
  os               Debian GNU/Linux 12 (bookworm)
  os arch          Arm64
  process arch     Arm64
  processors       10
  runtime          .NET 8.0.31
  server gc        True
  cpu              (no model line in /proc/cpuinfo)
  translated       not established from inside; uname reports the EMULATED arch, so see 'host context', and run probe-signal-stack.sh for the full derivation
  host context     linux/arm64 container on Darwin/arm64; native on this host's silicon
  engine           1.1.0
  fixture          fixtures/multi-page-statement
    input.folio    5366 bytes, sha256 d9d245eacc370153
    data.json      13827 bytes, sha256 315272b1b97c8aa1
    render         130169 bytes, sha256 4b0367f57e39141e  (matches expected.json)
  window           5s timed, 1s warmup, per level

  A developer machine is INDICATIVE. It is not a controlled environment, and a
  translated host measures the translator as much as the binding. Quote these
  numbers only with the four lines above them.

  concurrency   renders   renders/s   mean ms   median ms   p95 ms   vs c=1
  -----------   -------   ---------   -------   ---------   ------   ------
            1       220       43.87     22.79       21.30    34.61   1.00x
            2       391       77.85     25.69       23.96    36.52   1.77x
            4       609      121.50     32.91       30.86    44.82   2.77x
           10       822      163.09     61.23       58.44    93.46   3.72x

  * more callers than this binding's engine pool holds (max(ProcessorCount,2) = 10, restated from EngineThreads — see the comment there).
  Correctness: 17 renders — one per caller per level, in each level's warmup — hashed and matched
  against expected.json, so a binding that corrupted only under concurrent crossings
  could not be counted here as throughput.

RESULT	after	1	220	5.014	43.874	22.792	21.296	34.610
RESULT	after	2	391	5.022	77.855	25.685	23.960	36.516
RESULT	after	4	609	5.012	121.499	32.907	30.863	44.819
RESULT	after	10	822	5.040	163.091	61.226	58.445	93.457
