=== render-throughput: before ===
  taken            2026-09-22 18:01:22Z
  os               Debian GNU/Linux 12 (bookworm)
  os arch          Arm64
  process arch     Arm64
  processors       10
  runtime          .NET 8.0.31
  server gc        True
  cpu              (no model line in /proc/cpuinfo)
  translated       not established from inside; uname reports the EMULATED arch, so see 'host context', and run probe-signal-stack.sh for the full derivation
  host context     linux/arm64 container on Darwin/arm64; native on this host's silicon
  engine           1.1.0
  fixture          fixtures/multi-page-statement
    input.folio    5366 bytes, sha256 d9d245eacc370153
    data.json      13827 bytes, sha256 315272b1b97c8aa1
    render         130169 bytes, sha256 4b0367f57e39141e  (matches expected.json)
  window           5s timed, 1s warmup, per level

  A developer machine is INDICATIVE. It is not a controlled environment, and a
  translated host measures the translator as much as the binding. Quote these
  numbers only with the four lines above them.

  concurrency   renders   renders/s   mean ms   median ms   p95 ms   vs c=1
  -----------   -------   ---------   -------   ---------   ------   ------
            1       211       42.09     23.76       21.90    32.52   1.00x
            2       380       75.99     26.32       24.70    35.12   1.81x
            4       577      115.04     34.74       33.67    46.48   2.73x
           10       791      157.45     63.37       61.58    98.62   3.74x

  This binding has no engine pool (--pool none), so no level is annotated as
  oversubscribing one: every caller crosses the ABI on its own thread.
  Correctness: 17 renders — one per caller per level, in each level's warmup — hashed and matched
  against expected.json, so a binding that corrupted only under concurrent crossings
  could not be counted here as throughput.

RESULT	before	1	211	5.014	42.086	23.760	21.905	32.522
RESULT	before	2	380	5.000	75.993	26.317	24.697	35.115
RESULT	before	4	577	5.015	115.044	34.744	33.671	46.478
RESULT	before	10	791	5.024	157.448	63.369	61.579	98.623
