=== soak.sh — translation verdict, taken before anything is run ===
  uname machine        : aarch64
  process architecture : arm64 (ELF e_machine of /proc/self/exe)
  /proc/cpuinfo        : CPU implementer 0x61 (arm-shaped)
  /run/rosetta         : absent
  binfmt_misc for self : no interpreter registered that would run arm64
  verdict              : NATIVE — kernel and process agree on aarch64, /proc/cpuinfo is consistent with arm64, no Rosetta marker, no matching binfmt_misc interpreter.

=== soak.sh — what is being run ===
  mode                 : soak
  binding              : HEAD f3b68f5
  native               : /Users/panitw/Projects/folio/folio-dotnet/build/native/linux-arm64/libfolio8_native.so
  native sha256        : aa3051b82a15c50733d329a92d768da90019c4c4d262fa026211dbfa8c7c82f8
  suite                : /Users/panitw/Projects/folio/folio-dotnet/test/Folio8.Tests/Folio8.Tests.csproj
  filter               : FullyQualifiedName~GoldenTests|FullyQualifiedName~FontsTests
  iterations requested : 12
  host                 : 3881c94c33a0
  kernel               : Linux 7.0.12-linuxkit
  architecture         : arm64
  translation verdict  : NATIVE — kernel and process agree on aarch64, /proc/cpuinfo is consistent with arm64, no Rosetta marker, no matching binfmt_misc interpreter.
  dmesg                : NOT READABLE — the kernel signature cannot be watched for; only the CLR-side one
  harness validated    : NO for arm64 against this native — no reproduction leg is on the ledger
  ledger               : /ev/ledger.tsv
  logs                 : /ev/soak-arm64-12-iterations
  tool                 : folio-dotnet/build/soak.sh, sha256 5ee2862d58a1fc1daef8084d7264b1ae4603381c6348f3da81cefaeee8305720
  started              : 2026-09-22T18:49:12Z
  context              : tool verification, Docker Desktop VM on Apple Silicon — NOT an owner hardware leg

==> building the suite
==> iteration 1 of 12 ... clean
==> iteration 2 of 12 ... clean
==> iteration 3 of 12 ... clean
==> iteration 4 of 12 ... clean
==> iteration 5 of 12 ... clean
==> iteration 6 of 12 ... clean
==> iteration 7 of 12 ... clean
==> iteration 8 of 12 ... clean
==> iteration 9 of 12 ... clean
==> iteration 10 of 12 ... clean
==> iteration 11 of 12 ... clean
==> iteration 12 of 12 ... clean

=== VERDICT: UNVALIDATED ===

  12 iterations came back clean, and THAT IS NOT A PASS. No reproduction leg has run on this architecture, so this harness has never been shown able to see the defect — which is precisely the inference DW-396 records being made wrongly, at 0-crashes-in-11. Run './soak.sh --reproduce' on this architecture first.

  ⚠ ONE SIGNAL WAS MISSING FOR THE WHOLE RUN: dmesg could not be read, so the
    kernel's 'overflowed sigaltstack' line could not be watched for. Only the
    CLR-side signature was available. The verdict above stands on less than it
    normally would; say so wherever it is recorded.

  mode      : soak (the soak)
  binding   : HEAD f3b68f5
  native    : /Users/panitw/Projects/folio/folio-dotnet/build/native/linux-arm64/libfolio8_native.so
              sha256 aa3051b82a15c50733d329a92d768da90019c4c4d262fa026211dbfa8c7c82f8, arm64
  host      : 3881c94c33a0, Linux 7.0.12-linuxkit, arm64
  translation: NATIVE — kernel and process agree on aarch64, /proc/cpuinfo is consistent with arm64, no Rosetta marker, no matching binfmt_misc interpreter.
  iterations: 12 of 12 requested
  started   : 2026-09-22T18:49:12Z
  finished  : 2026-09-22T18:49:33Z
  tool      : folio-dotnet/build/soak.sh, sha256 5ee2862d58a1fc1daef8084d7264b1ae4603381c6348f3da81cefaeee8305720
  failures  : none
  logs      : /ev/soak-arm64-12-iterations

  Quote this verdict with the block above attached. A soak figure without its host,
  architecture and translation verdict is the reading DW-396 has already recorded twice.
